git config --global user.name "Brijesh"
git config --global user.email "chitrodabrijesh71@gmail.com"


git init

git status

git add "file name"

git commit -m "message"


git restore

login in GitHub

git remote add origin <url_repo>


for git push file should on localrepo only (i.e it must commited)

master branch and main branch

git remote remove origin---> to remove existing origin


esc :wq


--------------log

 git log -10 --graph


pull ------------
git pull origin master(branchname)

to remove uploaded file in GitHub 
first remove from GitHub using git cmd

1) git  rm login.txt
2) git commit -m "deleted"
3 git push origin master


---fetch and rebase

git fetch 
git rebase

pull = fetch +rebase

fetch --> bring the file from remote to local reopo
rebase --> bring the file from local repo to  working directory


 git fetch
remote: Enumerating objects: 4, done.
remote: Counting objects: 100% (4/4), done.
remote: Compressing objects: 100% (2/2), done.
remote: Total 3 (delta 1), reused 0 (delta 0), pack-reused 0 (from 0)
Unpacking objects: 100% (3/3), 934 bytes | 1024 bytes/s, done.
From https://github.com/bri12jesh/demo1
   e25316f..e6804bc  master     -> origin/master


 git rebase origin/master
Successfully rebased and updated refs/heads/master.


------------cloning ----------
git clone



---Branching



ASUS@Brijesh MINGW64 /d/Git_demo (master)
$ git branch copybranch (branchname)----> to create branch
(base)
ASUS@Brijesh MINGW64 /d/Git_demo (master)
$ git checkout copybranch------> to change branch 
Switched to branch 'copybranch'
M       git cmd.txt
(base)





ASUS@Brijesh MINGW64 /d/Git_demo/project (copybranch)
$ git commit --m "created folder project for ecom file"
[copybranch d31c2dd] created folder project for ecom file
 1 file changed, 0 insertions(+), 0 deletions(-)
 create mode 100644 project/ecom.txt
(base)
ASUS@Brijesh MINGW64 /d/Git_demo/project (copybranch)
$ git checkout merge
error: pathspec 'merge' did not match any file(s) known to git
(base)
ASUS@Brijesh MINGW64 /d/Git_demo/project (copybranch)
$ git checkout master
Switched to branch 'master'
M       git cmd.txt
(base)
ASUS@Brijesh MINGW64 /d/Git_demo/project (master)
$ git merge copybranch
Updating 71952b1..d31c2dd
Fast-forward
 project/ecom.txt | 0
 1 file changed, 0 insertions(+), 0 deletions(-)
 create mode 100644 project/ecom.txt
(base)
ASUS@Brijesh MINGW64 /d/Git_demo/project (master)
$ git push origin master
Enumerating objects: 9, done.
Counting objects: 100% (9/9), done.
Delta compression using up to 8 threads
Compressing objects: 100% (5/5), done.
Writing objects: 100% (7/7), 679 bytes | 679.00 KiB/s, done.
Total 7 (delta 3), reused 0 (delta 0), pack-reused 0 (from 0)
remote: Resolving deltas: 100% (3/3), completed with 2 local objects.
To https://github.com/bri12jesh/demo1.git
   e6804bc..d31c2dd  master -> master
(base)


-----------MERGE CONFLICT---------
types of merge conflict:
1)FAil-Start
2) Git fails during the merge
